// Jest Snapshot v1, https://goo.gl/fbAQLP

exports[`Create render 1`] = `
<View
  accessible={true}
  style={
    Object {
      "backgroundColor": "#17202b",
      "color": "#ffffff",
      "flex": 1,
      "justifyContent": "center",
    }
  }
>
  <Text
    accessibilityRole="text"
    accessible={true}
    style={
      Object {
        "color": "#ffffff",
        "fontSize": 18,
        "fontWeight": "bold",
        "marginBottom": 5,
        "marginLeft": 15,
        "marginRight": 15,
      }
    }
  >
    Create Account
  </Text>
  <Text
    accessibilityRole="text"
    accessible={true}
    style={
      Object {
        "color": "#ffffff",
        "marginLeft": 15,
        "marginRight": 15,
      }
    }
  >
    First Name
  </Text>
  <View
    style={
      Object {
        "paddingHorizontal": 10,
        "width": "100%",
      }
    }
  >
    <View
      style={
        Object {
          "alignItems": "center",
          "borderBottomWidth": 1,
          "borderColor": "#86939e",
          "flexDirection": "row",
          "transform": Array [
            Object {
              "translateX": 0,
            },
          ],
        }
      }
    >
      <View
        style={
          Object {
            "alignItems": "center",
            "height": 40,
            "justifyContent": "center",
            "marginLeft": 15,
          }
        }
      >
        <Text
          allowFontScaling={false}
          style={
            Array [
              Object {
                "color": "white",
                "fontSize": 24,
              },
              undefined,
              Object {
                "fontFamily": "FontAwesome5Free-Solid",
                "fontStyle": "normal",
                "fontWeight": "normal",
              },
              Object {
                "fontWeight": "900",
              },
            ]
          }
        >
          
        </Text>
      </View>
      <TextInput
        accessibilityComponentType="none"
        accessibilityHint="Enter your first name"
        accessibilityLabel="First Name"
        accessibilityRole="none"
        accessible={true}
        allowFontScaling={true}
        editable={true}
        onChangeText={[Function]}
        placeholder="John"
        placeholderTextColor="#918f8a"
        rejectResponderTermination={true}
        style={
          Object {
            "alignSelf": "center",
            "color": "#ffffff",
            "flex": 1,
            "fontSize": 18,
            "minHeight": 40,
          }
        }
        testID="RNE__Input__text-input"
        underlineColorAndroid="transparent"
        value=""
      />
    </View>
  </View>
  <Text
    accessibilityRole="text"
    style={
      Object {
        "color": "#ffffff",
        "marginLeft": 15,
        "marginRight": 15,
      }
    }
  >
    Second Name
  </Text>
  <View
    style={
      Object {
        "paddingHorizontal": 10,
        "width": "100%",
      }
    }
  >
    <View
      style={
        Object {
          "alignItems": "center",
          "borderBottomWidth": 1,
          "borderColor": "#86939e",
          "flexDirection": "row",
          "transform": Array [
            Object {
              "translateX": 0,
            },
          ],
        }
      }
    >
      <View
        style={
          Object {
            "alignItems": "center",
            "height": 40,
            "justifyContent": "center",
            "marginLeft": 15,
          }
        }
      >
        <Text
          allowFontScaling={false}
          style={
            Array [
              Object {
                "color": "white",
                "fontSize": 24,
              },
              undefined,
              Object {
                "fontFamily": "FontAwesome5Free-Regular",
                "fontStyle": "normal",
                "fontWeight": "normal",
              },
              Object {
                "fontWeight": "400",
              },
            ]
          }
        >
          
        </Text>
      </View>
      <TextInput
        accessibilityComponentType="none"
        accessibilityHint="Enter your second name"
        accessibilityLabel="Second Name"
        accessibilityRole="none"
        accessible={true}
        allowFontScaling={true}
        editable={true}
        onChangeText={[Function]}
        placeholder="  Smith"
        placeholderTextColor="#918f8a"
        rejectResponderTermination={true}
        style={
          Object {
            "alignSelf": "center",
            "color": "#ffffff",
            "flex": 1,
            "fontSize": 18,
            "minHeight": 40,
          }
        }
        testID="RNE__Input__text-input"
        underlineColorAndroid="transparent"
        value=""
      />
    </View>
  </View>
  <Text
    accessibilityRole="text"
    style={
      Object {
        "color": "#ffffff",
        "marginLeft": 15,
        "marginRight": 15,
      }
    }
  >
    Email
  </Text>
  <View
    style={
      Object {
        "paddingHorizontal": 10,
        "width": "100%",
      }
    }
  >
    <View
      style={
        Object {
          "alignItems": "center",
          "borderBottomWidth": 1,
          "borderColor": "#86939e",
          "flexDirection": "row",
          "transform": Array [
            Object {
              "translateX": 0,
            },
          ],
        }
      }
    >
      <View
        style={
          Object {
            "alignItems": "center",
            "height": 40,
            "justifyContent": "center",
            "marginLeft": 15,
          }
        }
      >
        <Text
          allowFontScaling={false}
          style={
            Array [
              Object {
                "color": "white",
                "fontSize": 24,
              },
              undefined,
              Object {
                "fontFamily": "FontAwesome5Free-Regular",
                "fontStyle": "normal",
                "fontWeight": "normal",
              },
              Object {
                "fontWeight": "400",
              },
            ]
          }
        >
          
        </Text>
      </View>
      <TextInput
        accessibilityComponentType="none"
        accessibilityHint="Enter the email you wish to use for your account"
        accessibilityLabel="Enter email"
        accessibilityRole="none"
        accessible={true}
        allowFontScaling={true}
        editable={true}
        onChangeText={[Function]}
        placeholder="  example@example.com"
        placeholderTextColor="#918f8a"
        rejectResponderTermination={true}
        style={
          Object {
            "alignSelf": "center",
            "color": "#ffffff",
            "flex": 1,
            "fontSize": 18,
            "minHeight": 40,
          }
        }
        testID="RNE__Input__text-input"
        textContentType="emailAddress"
        underlineColorAndroid="transparent"
        value=""
      />
    </View>
  </View>
  <Text
    accessibilityRole="text"
    style={
      Object {
        "color": "#ffffff",
        "marginLeft": 15,
        "marginRight": 15,
      }
    }
  >
    Password
  </Text>
  <View
    style={
      Object {
        "paddingHorizontal": 10,
        "width": "100%",
      }
    }
  >
    <View
      style={
        Object {
          "alignItems": "center",
          "borderBottomWidth": 1,
          "borderColor": "#86939e",
          "flexDirection": "row",
          "transform": Array [
            Object {
              "translateX": 0,
            },
          ],
        }
      }
    >
      <View
        style={
          Object {
            "alignItems": "center",
            "height": 40,
            "justifyContent": "center",
            "marginLeft": 15,
          }
        }
      >
        <Text
          allowFontScaling={false}
          style={
            Array [
              Object {
                "color": "white",
                "fontSize": 24,
              },
              undefined,
              Object {
                "fontFamily": "FontAwesome5Free-Solid",
                "fontStyle": "normal",
                "fontWeight": "normal",
              },
              Object {
                "fontWeight": "900",
              },
            ]
          }
        >
          
        </Text>
      </View>
      <TextInput
        accessibilityComponentType="none"
        accessibilityHint="Enter the password you wish to use for your account"
        accessibilityLabel="Enter password"
        accessibilityRole="none"
        accessible={true}
        allowFontScaling={true}
        editable={true}
        onChangeText={[Function]}
        placeholder="  Password"
        placeholderTextColor="#918f8a"
        rejectResponderTermination={true}
        secureTextEntry={true}
        style={
          Object {
            "alignSelf": "center",
            "color": "#ffffff",
            "flex": 1,
            "fontSize": 18,
            "minHeight": 40,
          }
        }
        testID="RNE__Input__text-input"
        underlineColorAndroid="transparent"
        value=""
      />
    </View>
  </View>
  <View
    style={
      Object {
        "borderRadius": 3,
      }
    }
  >
    <View
      accessibilityHint="Press this to create your account"
      accessibilityLabel="Create Account"
      accessibilityRole="button"
      accessible={true}
      focusable={true}
      isTVSelectable={true}
      onClick={[Function]}
      onResponderGrant={[Function]}
      onResponderMove={[Function]}
      onResponderRelease={[Function]}
      onResponderTerminate={[Function]}
      onResponderTerminationRequest={[Function]}
      onStartShouldSetResponder={[Function]}
      style={
        Object {
          "opacity": 1,
        }
      }
    >
      <View
        style={
          Object {
            "alignItems": "center",
            "backgroundColor": "#2089dc",
            "borderColor": "#2089dc",
            "borderRadius": 3,
            "borderWidth": 0,
            "flexDirection": "row",
            "justifyContent": "center",
            "marginBottom": 0,
            "marginLeft": 15,
            "marginRight": 15,
            "marginTop": 10,
            "padding": 8,
          }
        }
      >
        <Text
          style={
            Object {
              "color": "white",
              "fontSize": 18,
              "paddingBottom": 1,
              "paddingTop": 2,
              "textAlign": "center",
            }
          }
        >
          Create Account
        </Text>
      </View>
    </View>
  </View>
</View>
`;

exports[`Does create account render? 1`] = `
<View
  accessible={true}
  style={
    Object {
      "backgroundColor": "#17202b",
      "color": "#ffffff",
      "flex": 1,
      "justifyContent": "center",
    }
  }
>
  <Text
    accessibilityRole="text"
    accessible={true}
    style={
      Object {
        "color": "#ffffff",
        "fontSize": 18,
        "fontWeight": "bold",
        "marginBottom": 5,
        "marginLeft": 15,
        "marginRight": 15,
      }
    }
  >
    Create Account
  </Text>
  <Text
    accessibilityRole="text"
    accessible={true}
    style={
      Object {
        "color": "#ffffff",
        "marginLeft": 15,
        "marginRight": 15,
      }
    }
  >
    First Name
  </Text>
  <View
    style={
      Object {
        "paddingHorizontal": 10,
        "width": "100%",
      }
    }
  >
    <View
      style={
        Object {
          "alignItems": "center",
          "borderBottomWidth": 1,
          "borderColor": "#86939e",
          "flexDirection": "row",
          "transform": Array [
            Object {
              "translateX": 0,
            },
          ],
        }
      }
    >
      <View
        style={
          Object {
            "alignItems": "center",
            "height": 40,
            "justifyContent": "center",
            "marginLeft": 15,
          }
        }
      >
        <Text
          allowFontScaling={false}
          style={
            Array [
              Object {
                "color": "white",
                "fontSize": 24,
              },
              undefined,
              Object {
                "fontFamily": "FontAwesome5Free-Solid",
                "fontStyle": "normal",
                "fontWeight": "normal",
              },
              Object {
                "fontWeight": "900",
              },
            ]
          }
        >
          
        </Text>
      </View>
      <TextInput
        accessibilityComponentType="none"
        accessibilityHint="Enter your first name"
        accessibilityLabel="First Name"
        accessibilityRole="none"
        accessible={true}
        allowFontScaling={true}
        editable={true}
        onChangeText={[Function]}
        placeholder="John"
        placeholderTextColor="#918f8a"
        rejectResponderTermination={true}
        style={
          Object {
            "alignSelf": "center",
            "color": "#ffffff",
            "flex": 1,
            "fontSize": 18,
            "minHeight": 40,
          }
        }
        testID="RNE__Input__text-input"
        underlineColorAndroid="transparent"
        value=""
      />
    </View>
  </View>
  <Text
    accessibilityRole="text"
    style={
      Object {
        "color": "#ffffff",
        "marginLeft": 15,
        "marginRight": 15,
      }
    }
  >
    Second Name
  </Text>
  <View
    style={
      Object {
        "paddingHorizontal": 10,
        "width": "100%",
      }
    }
  >
    <View
      style={
        Object {
          "alignItems": "center",
          "borderBottomWidth": 1,
          "borderColor": "#86939e",
          "flexDirection": "row",
          "transform": Array [
            Object {
              "translateX": 0,
            },
          ],
        }
      }
    >
      <View
        style={
          Object {
            "alignItems": "center",
            "height": 40,
            "justifyContent": "center",
            "marginLeft": 15,
          }
        }
      >
        <Text
          allowFontScaling={false}
          style={
            Array [
              Object {
                "color": "white",
                "fontSize": 24,
              },
              undefined,
              Object {
                "fontFamily": "FontAwesome5Free-Regular",
                "fontStyle": "normal",
                "fontWeight": "normal",
              },
              Object {
                "fontWeight": "400",
              },
            ]
          }
        >
          
        </Text>
      </View>
      <TextInput
        accessibilityComponentType="none"
        accessibilityHint="Enter your second name"
        accessibilityLabel="Second Name"
        accessibilityRole="none"
        accessible={true}
        allowFontScaling={true}
        editable={true}
        onChangeText={[Function]}
        placeholder="  Smith"
        placeholderTextColor="#918f8a"
        rejectResponderTermination={true}
        style={
          Object {
            "alignSelf": "center",
            "color": "#ffffff",
            "flex": 1,
            "fontSize": 18,
            "minHeight": 40,
          }
        }
        testID="RNE__Input__text-input"
        underlineColorAndroid="transparent"
        value=""
      />
    </View>
  </View>
  <Text
    accessibilityRole="text"
    style={
      Object {
        "color": "#ffffff",
        "marginLeft": 15,
        "marginRight": 15,
      }
    }
  >
    Email
  </Text>
  <View
    style={
      Object {
        "paddingHorizontal": 10,
        "width": "100%",
      }
    }
  >
    <View
      style={
        Object {
          "alignItems": "center",
          "borderBottomWidth": 1,
          "borderColor": "#86939e",
          "flexDirection": "row",
          "transform": Array [
            Object {
              "translateX": 0,
            },
          ],
        }
      }
    >
      <View
        style={
          Object {
            "alignItems": "center",
            "height": 40,
            "justifyContent": "center",
            "marginLeft": 15,
          }
        }
      >
        <Text
          allowFontScaling={false}
          style={
            Array [
              Object {
                "color": "white",
                "fontSize": 24,
              },
              undefined,
              Object {
                "fontFamily": "FontAwesome5Free-Regular",
                "fontStyle": "normal",
                "fontWeight": "normal",
              },
              Object {
                "fontWeight": "400",
              },
            ]
          }
        >
          
        </Text>
      </View>
      <TextInput
        accessibilityComponentType="none"
        accessibilityHint="Enter the email you wish to use for your account"
        accessibilityLabel="Enter email"
        accessibilityRole="none"
        accessible={true}
        allowFontScaling={true}
        editable={true}
        onChangeText={[Function]}
        placeholder="  example@example.com"
        placeholderTextColor="#918f8a"
        rejectResponderTermination={true}
        style={
          Object {
            "alignSelf": "center",
            "color": "#ffffff",
            "flex": 1,
            "fontSize": 18,
            "minHeight": 40,
          }
        }
        testID="RNE__Input__text-input"
        textContentType="emailAddress"
        underlineColorAndroid="transparent"
        value=""
      />
    </View>
  </View>
  <Text
    accessibilityRole="text"
    style={
      Object {
        "color": "#ffffff",
        "marginLeft": 15,
        "marginRight": 15,
      }
    }
  >
    Password
  </Text>
  <View
    style={
      Object {
        "paddingHorizontal": 10,
        "width": "100%",
      }
    }
  >
    <View
      style={
        Object {
          "alignItems": "center",
          "borderBottomWidth": 1,
          "borderColor": "#86939e",
          "flexDirection": "row",
          "transform": Array [
            Object {
              "translateX": 0,
            },
          ],
        }
      }
    >
      <View
        style={
          Object {
            "alignItems": "center",
            "height": 40,
            "justifyContent": "center",
            "marginLeft": 15,
          }
        }
      >
        <Text
          allowFontScaling={false}
          style={
            Array [
              Object {
                "color": "white",
                "fontSize": 24,
              },
              undefined,
              Object {
                "fontFamily": "FontAwesome5Free-Solid",
                "fontStyle": "normal",
                "fontWeight": "normal",
              },
              Object {
                "fontWeight": "900",
              },
            ]
          }
        >
          
        </Text>
      </View>
      <TextInput
        accessibilityComponentType="none"
        accessibilityHint="Enter the password you wish to use for your account"
        accessibilityLabel="Enter password"
        accessibilityRole="none"
        accessible={true}
        allowFontScaling={true}
        editable={true}
        onChangeText={[Function]}
        placeholder="  Password"
        placeholderTextColor="#918f8a"
        rejectResponderTermination={true}
        secureTextEntry={true}
        style={
          Object {
            "alignSelf": "center",
            "color": "#ffffff",
            "flex": 1,
            "fontSize": 18,
            "minHeight": 40,
          }
        }
        testID="RNE__Input__text-input"
        underlineColorAndroid="transparent"
        value=""
      />
    </View>
  </View>
  <View
    style={
      Object {
        "borderRadius": 3,
      }
    }
  >
    <View
      accessibilityHint="Press this to create your account"
      accessibilityLabel="Create Account"
      accessibilityRole="button"
      accessible={true}
      focusable={true}
      isTVSelectable={true}
      onClick={[Function]}
      onResponderGrant={[Function]}
      onResponderMove={[Function]}
      onResponderRelease={[Function]}
      onResponderTerminate={[Function]}
      onResponderTerminationRequest={[Function]}
      onStartShouldSetResponder={[Function]}
      style={
        Object {
          "opacity": 1,
        }
      }
    >
      <View
        style={
          Object {
            "alignItems": "center",
            "backgroundColor": "#2089dc",
            "borderColor": "#2089dc",
            "borderRadius": 3,
            "borderWidth": 0,
            "flexDirection": "row",
            "justifyContent": "center",
            "marginBottom": 0,
            "marginLeft": 15,
            "marginRight": 15,
            "marginTop": 10,
            "padding": 8,
          }
        }
      >
        <Text
          style={
            Object {
              "color": "white",
              "fontSize": 18,
              "paddingBottom": 1,
              "paddingTop": 2,
              "textAlign": "center",
            }
          }
        >
          Create Account
        </Text>
      </View>
    </View>
  </View>
</View>
`;
